#
# There is insufficient memory for the Java Runtime Environment to continue.
# Native memory allocation (malloc) failed to allocate 16591760 bytes. Error detail: Chunk::new
# Possible reasons:
#   The system is out of physical RAM or swap space
#   This process is running with CompressedOops enabled, and the Java Heap may be blocking the growth of the native heap
# Possible solutions:
#   Reduce memory load on the system
#   Increase physical memory or swap space
#   Check if swap backing store is full
#   Decrease Java heap size (-Xmx/-Xms)
#   Decrease number of Java threads
#   Decrease Java thread stack sizes (-Xss)
#   Set larger code cache with -XX:ReservedCodeCacheSize=
#   JVM is running with Unscaled Compressed Oops mode in which the Java heap is
#     placed in the first 4GB address space. The Java Heap base address is the
#     maximum limit for the native heap growth. Please use -XX:HeapBaseMinAddress
#     to set the Java Heap base and to place the Java Heap above 4GB virtual address.
# This output file may be truncated or incomplete.
#
#  Out of Memory Error (arena.cpp:162), pid=25488, tid=33044
#
# JRE version: Java(TM) SE Runtime Environment (24.0.1+9) (build 24.0.1+9-30)
# Java VM: Java HotSpot(TM) 64-Bit Server VM (24.0.1+9-30, mixed mode, sharing, tiered, compressed oops, compressed class ptrs, g1 gc, windows-amd64)
# No core dump will be written. Minidumps are not enabled by default on client versions of Windows
#

---------------  S U M M A R Y ------------

Command Line: --add-opens=java.base/java.util=ALL-UNNAMED --add-opens=java.base/java.lang=ALL-UNNAMED --add-opens=java.base/java.lang.invoke=ALL-UNNAMED --add-opens=java.prefs/java.util.prefs=ALL-UNNAMED --add-exports=jdk.compiler/com.sun.tools.javac.api=ALL-UNNAMED --add-exports=jdk.compiler/com.sun.tools.javac.util=ALL-UNNAMED --add-opens=java.base/java.nio.charset=ALL-UNNAMED --add-opens=java.base/java.net=ALL-UNNAMED --add-opens=java.base/java.util.concurrent.atomic=ALL-UNNAMED -Xmx2048m -Dfile.encoding=UTF-8 -Duser.country=RU -Duser.language=ru -Duser.variant -javaagent:C:\gradle_cache\wrapper\dists\gradle-8.9-bin\90cnw93cvbtalezasaz0blq0a\gradle-8.9\lib\agents\gradle-instrumentation-agent-8.9.jar org.gradle.launcher.daemon.bootstrap.GradleDaemon 8.9

Host: Intel(R) Core(TM) i5-8500 CPU @ 3.00GHz, 6 cores, 7G,  Windows 10 , 64 bit Build 19041 (10.0.19041.2364)
Time: Wed Jul  9 14:23:56 2025 RTZ 2 (s 10 , 64 bit Build 19041 (10.0.19041.2364) elapsed time: 2.313705 seconds (0d 0h 0m 2s)

---------------  T H R E A D  ---------------

Current thread (0x000002737f028010):  JavaThread "C2 CompilerThread0" daemon [_thread_in_native, id=33044, stack(0x000000d6cd400000,0x000000d6cd500000) (1024K)]


Current CompileTask:
C2:2313 2857   !   4       java.lang.ClassLoader::loadClass (121 bytes)

Stack: [0x000000d6cd400000,0x000000d6cd500000]
Native frames: (J=compiled Java code, j=interpreted, Vv=VM code, C=native code)
V  [jvm.dll+0x730739]  (no source info available)
V  [jvm.dll+0x8d9b23]  (no source info available)
V  [jvm.dll+0x8dc00d]  (no source info available)
V  [jvm.dll+0x8dc683]  (no source info available)
V  [jvm.dll+0x2aa086]  (no source info available)
V  [jvm.dll+0xcedef]  (no source info available)
V  [jvm.dll+0xcf04f]  (no source info available)
V  [jvm.dll+0x154d83]  (no source info available)
V  [jvm.dll+0x735f5f]  (no source info available)
V  [jvm.dll+0x26fa1c]  (no source info available)
V  [jvm.dll+0x26ea3f]  (no source info available)
V  [jvm.dll+0x1e9d60]  (no source info available)
V  [jvm.dll+0x27e1fb]  (no source info available)
V  [jvm.dll+0x27c49a]  (no source info available)
V  [jvm.dll+0x42f456]  (no source info available)
V  [jvm.dll+0x87d76b]  (no source info available)
V  [jvm.dll+0x72ee55]  (no source info available)
C  [ucrtbase.dll+0x21bb2]  (no source info available)
C  [KERNEL32.DLL+0x17614]  (no source info available)
C  [ntdll.dll+0x526a1]  (no source info available)

Lock stack of current Java thread (top to bottom):


---------------  P R O C E S S  ---------------

Threads class SMR info:
_java_thread_list=0x000002735ea35a60, length=25, elements={
0x0000027377ad03a0, 0x000002737f01baf0, 0x000002737f01e500, 0x000002737f020a00,
0x000002737f021140, 0x000002737f026440, 0x000002737f026e00, 0x000002737f028010,
0x000002737f02a7b0, 0x000002731799c0f0, 0x0000027317a11400, 0x0000027317b86930,
0x000002735e7ec020, 0x000002735e84ecc0, 0x000002735e82e850, 0x000002735e913390,
0x000002735e86e790, 0x000002735e86fd80, 0x000002735e86e040, 0x000002735e86d8f0,
0x000002735e8704d0, 0x000002735e870c20, 0x000002735e86eee0, 0x000002735e86f630,
0x000002735ecc9f30
}

Java Threads: ( => current thread )
  0x0000027377ad03a0 JavaThread "main"                              [_thread_blocked, id=9352, stack(0x000000d6cc600000,0x000000d6cc700000) (1024K)]
  0x000002737f01baf0 JavaThread "Reference Handler"          daemon [_thread_blocked, id=8352, stack(0x000000d6cce00000,0x000000d6ccf00000) (1024K)]
  0x000002737f01e500 JavaThread "Finalizer"                  daemon [_thread_blocked, id=5288, stack(0x000000d6ccf00000,0x000000d6cd000000) (1024K)]
  0x000002737f020a00 JavaThread "Signal Dispatcher"          daemon [_thread_blocked, id=3520, stack(0x000000d6cd000000,0x000000d6cd100000) (1024K)]
  0x000002737f021140 JavaThread "Attach Listener"            daemon [_thread_blocked, id=15372, stack(0x000000d6cd100000,0x000000d6cd200000) (1024K)]
  0x000002737f026440 JavaThread "Service Thread"             daemon [_thread_blocked, id=36396, stack(0x000000d6cd200000,0x000000d6cd300000) (1024K)]
  0x000002737f026e00 JavaThread "Monitor Deflation Thread"   daemon [_thread_blocked, id=41240, stack(0x000000d6cd300000,0x000000d6cd400000) (1024K)]
=>0x000002737f028010 JavaThread "C2 CompilerThread0"         daemon [_thread_in_native, id=33044, stack(0x000000d6cd400000,0x000000d6cd500000) (1024K)]
  0x000002737f02a7b0 JavaThread "C1 CompilerThread0"         daemon [_thread_in_vm, id=1032, stack(0x000000d6cd500000,0x000000d6cd600000) (1024K)]
  0x000002731799c0f0 JavaThread "Common-Cleaner"             daemon [_thread_blocked, id=21072, stack(0x000000d6cd600000,0x000000d6cd700000) (1024K)]
  0x0000027317a11400 JavaThread "Notification Thread"        daemon [_thread_blocked, id=21168, stack(0x000000d6cd700000,0x000000d6cd800000) (1024K)]
  0x0000027317b86930 JavaThread "C2 CompilerThread1"         daemon [_thread_in_native, id=30444, stack(0x000000d6cd800000,0x000000d6cd900000) (1024K)]
  0x000002735e7ec020 JavaThread "Daemon health stats"               [_thread_blocked, id=15272, stack(0x000000d6cdb00000,0x000000d6cdc00000) (1024K)]
  0x000002735e84ecc0 JavaThread "Incoming local TCP Connector on port 57457"        [_thread_in_native, id=25836, stack(0x000000d6cdd00000,0x000000d6cde00000) (1024K)]
  0x000002735e82e850 JavaThread "Daemon periodic checks"            [_thread_blocked, id=7616, stack(0x000000d6cde00000,0x000000d6cdf00000) (1024K)]
  0x000002735e913390 JavaThread "Daemon"                            [_thread_blocked, id=20828, stack(0x000000d6cdf00000,0x000000d6ce000000) (1024K)]
  0x000002735e86e790 JavaThread "Handler for socket connection from /127.0.0.1:57457 to /127.0.0.1:57458"        [_thread_in_native, id=42840, stack(0x000000d6ce000000,0x000000d6ce100000) (1024K)]
  0x000002735e86fd80 JavaThread "Cancel handler"                    [_thread_blocked, id=35948, stack(0x000000d6ce100000,0x000000d6ce200000) (1024K)]
  0x000002735e86e040 JavaThread "Daemon worker"                     [_thread_in_Java, id=21176, stack(0x000000d6ce200000,0x000000d6ce300000) (1024K)]
  0x000002735e86d8f0 JavaThread "Asynchronous log dispatcher for DefaultDaemonConnection: socket connection from /127.0.0.1:57457 to /127.0.0.1:57458"        [_thread_blocked, id=42808, stack(0x000000d6ce300000,0x000000d6ce400000) (1024K)]
  0x000002735e8704d0 JavaThread "Stdin handler"                     [_thread_blocked, id=23864, stack(0x000000d6ce400000,0x000000d6ce500000) (1024K)]
  0x000002735e870c20 JavaThread "Daemon client event forwarder"        [_thread_blocked, id=40036, stack(0x000000d6ce500000,0x000000d6ce600000) (1024K)]
  0x000002735e86eee0 JavaThread "Cache worker for journal cache (C:\gradle_cache\caches\journal-1)"        [_thread_blocked, id=35580, stack(0x000000d6ce600000,0x000000d6ce700000) (1024K)]
  0x000002735e86f630 JavaThread "File lock request listener"        [_thread_in_native, id=17840, stack(0x000000d6ce700000,0x000000d6ce800000) (1024K)]
  0x000002735ecc9f30 JavaThread "Cache worker for file hash cache (C:\gradle_cache\caches\8.9\fileHashes)"        [_thread_blocked, id=32272, stack(0x000000d6ce800000,0x000000d6ce900000) (1024K)]
Total: 25

Other Threads:
  0x000002737f00ccd0 VMThread "VM Thread"                           [id=15572, stack(0x000000d6ccd00000,0x000000d6cce00000) (1024K)]
  0x000002737effdef0 WatcherThread "VM Periodic Task Thread"        [id=25748, stack(0x000000d6ccc00000,0x000000d6ccd00000) (1024K)]
  0x0000027379cf3f20 WorkerThread "GC Thread#0"                     [id=1072, stack(0x000000d6cc700000,0x000000d6cc800000) (1024K)]
  0x000002735dbe92b0 WorkerThread "GC Thread#1"                     [id=25092, stack(0x000000d6cd900000,0x000000d6cda00000) (1024K)]
  0x000002735dbc39f0 WorkerThread "GC Thread#2"                     [id=48560, stack(0x000000d6cda00000,0x000000d6cdb00000) (1024K)]
  0x000002735e7f20b0 WorkerThread "GC Thread#3"                     [id=31440, stack(0x000000d6cdc00000,0x000000d6cdd00000) (1024K)]
  0x000002735faa89c0 WorkerThread "GC Thread#4"                     [id=37824, stack(0x000000d6ce900000,0x000000d6cea00000) (1024K)]
  0x000002735f394e70 WorkerThread "GC Thread#5"                     [id=20580, stack(0x000000d6cea00000,0x000000d6ceb00000) (1024K)]
  0x0000027379d09900 ConcurrentGCThread "G1 Main Marker"            [id=22520, stack(0x000000d6cc800000,0x000000d6cc900000) (1024K)]
  0x0000027379d0abb0 WorkerThread "G1 Conc#0"                       [id=14292, stack(0x000000d6cc900000,0x000000d6cca00000) (1024K)]
  0x0000027379d6e7f0 ConcurrentGCThread "G1 Refine#0"               [id=35876, stack(0x000000d6cca00000,0x000000d6ccb00000) (1024K)]
  0x000002737eed1140 ConcurrentGCThread "G1 Service"                [id=34684, stack(0x000000d6ccb00000,0x000000d6ccc00000) (1024K)]
Total: 12

Threads with active compile tasks:
C2 CompilerThread0  2395 2857   !   4       java.lang.ClassLoader::loadClass (121 bytes)
C2 CompilerThread1  2395 2983   !   4       java.net.URLClassLoader::findClass (77 bytes)
Total: 2

VM state: not at safepoint (normal execution)

VM Mutex/Monitor currently owned by a thread: None

Heap address: 0x0000000080000000, size: 2048 MB, Compressed Oops mode: 32-bit

CDS archive(s) mapped at: [0x0000027318000000-0x0000027318d40000-0x0000027318d40000), size 13893632, SharedBaseAddress: 0x0000027318000000, ArchiveRelocationMode: 1.
Compressed class space mapped at: 0x0000027319000000-0x0000027359000000, reserved size: 1073741824
UseCompressedClassPointers 1, UseCompactObjectHeaders 0
Narrow klass pointer bits 32, Max shift 3
Narrow klass base: 0x0000027318000000, Narrow klass shift: 0
Encoding Range: [0x0000027318000000 - 0x0000027418000000), (4294967296 bytes)
Klass Range:    [0x0000027318000000 - 0x0000027359000000), (1090519040 bytes)
Klass ID Range:  [8 - 1090519033) (1090519025)

GC Precious Log:
 CardTable entry size: 512
 Card Set container configuration: InlinePtr #cards 5 size 8 Array Of Cards #cards 10 size 36 Howl #buckets 4 coarsen threshold 1843 Howl Bitmap #cards 512 size 80 coarsen threshold 460 Card regions per heap region 1 cards per card region 2048
 CPUs: 6 total, 6 available
 Memory: 8064M
 Large Page Support: Disabled
 NUMA Support: Disabled
 Compressed Oops: Enabled (32-bit)
 Heap Region Size: 1M
 Heap Min Capacity: 8M
 Heap Initial Capacity: 128M
 Heap Max Capacity: 2G
 Pre-touch: Disabled
 Parallel Workers: 6
 Concurrent Workers: 2
 Concurrent Refinement Workers: 6
 Periodic GC: Disabled

Heap:
 garbage-first heap   total reserved 2097152K, committed 133120K, used 50105K [0x0000000080000000, 0x0000000100000000)
  region size 1024K, 31 young (31744K), 4 survivors (4096K)
 Metaspace       used 20154K, committed 20864K, reserved 1114112K
  class space    used 2167K, committed 2496K, reserved 1048576K

Heap Regions: E=young(eden), S=young(survivor), O=old, HS=humongous(starts), HC=humongous(continues), CS=collection set, F=free, TAMS=top-at-mark-start, PB=parsable bottom
|   0|0x0000000080000000, 0x0000000080100000, 0x0000000080100000|100%|HS|  |TAMS 0x0000000080000000| PB 0x0000000080000000| Complete |  0
|   1|0x0000000080100000, 0x0000000080200000, 0x0000000080200000|100%|HC|  |TAMS 0x0000000080100000| PB 0x0000000080100000| Complete |  0
|   2|0x0000000080200000, 0x0000000080300000, 0x0000000080300000|100%|HC|  |TAMS 0x0000000080200000| PB 0x0000000080200000| Complete |  0
|   3|0x0000000080300000, 0x0000000080400000, 0x0000000080400000|100%|HC|  |TAMS 0x0000000080300000| PB 0x0000000080300000| Complete |  0
|   4|0x0000000080400000, 0x0000000080500000, 0x0000000080500000|100%| O|  |TAMS 0x0000000080400000| PB 0x0000000080400000| Untracked |  0
|   5|0x0000000080500000, 0x0000000080600000, 0x0000000080600000|100%|HS|  |TAMS 0x0000000080500000| PB 0x0000000080500000| Complete |  0
|   6|0x0000000080600000, 0x0000000080700000, 0x0000000080700000|100%| O|  |TAMS 0x0000000080600000| PB 0x0000000080600000| Untracked |  0
|   7|0x0000000080700000, 0x0000000080800000, 0x0000000080800000|100%| O|  |TAMS 0x0000000080700000| PB 0x0000000080700000| Untracked |  0
|   8|0x0000000080800000, 0x0000000080900000, 0x0000000080900000|100%| O|  |TAMS 0x0000000080800000| PB 0x0000000080800000| Untracked |  0
|   9|0x0000000080900000, 0x0000000080a00000, 0x0000000080a00000|100%| O|  |TAMS 0x0000000080900000| PB 0x0000000080900000| Untracked |  0
|  10|0x0000000080a00000, 0x0000000080b00000, 0x0000000080b00000|100%| O|  |TAMS 0x0000000080a00000| PB 0x0000000080a00000| Untracked |  0
|  11|0x0000000080b00000, 0x0000000080c00000, 0x0000000080c00000|100%| O|  |TAMS 0x0000000080b00000| PB 0x0000000080b00000| Untracked |  0
|  12|0x0000000080c00000, 0x0000000080d00000, 0x0000000080d00000|100%| O|  |TAMS 0x0000000080c00000| PB 0x0000000080c00000| Untracked |  0
|  13|0x0000000080d00000, 0x0000000080e00000, 0x0000000080e00000|100%| O|  |TAMS 0x0000000080d00000| PB 0x0000000080d00000| Untracked |  0
|  14|0x0000000080e00000, 0x0000000080f00000, 0x0000000080f00000|100%| O|  |TAMS 0x0000000080e00000| PB 0x0000000080e00000| Untracked |  0
|  15|0x0000000080f00000, 0x0000000081000000, 0x0000000081000000|100%| O|  |TAMS 0x0000000080f00000| PB 0x0000000080f00000| Untracked |  0
|  16|0x0000000081000000, 0x0000000081100000, 0x0000000081100000|100%| O|  |TAMS 0x0000000081000000| PB 0x0000000081000000| Untracked |  0
|  17|0x0000000081100000, 0x0000000081200000, 0x0000000081200000|100%| O|  |TAMS 0x0000000081100000| PB 0x0000000081100000| Untracked |  0
|  18|0x0000000081200000, 0x0000000081231b78, 0x0000000081300000| 19%| O|  |TAMS 0x0000000081200000| PB 0x0000000081200000| Untracked |  0
|  19|0x0000000081300000, 0x0000000081300000, 0x0000000081400000|  0%| F|  |TAMS 0x0000000081300000| PB 0x0000000081300000| Untracked |  0
|  20|0x0000000081400000, 0x0000000081400000, 0x0000000081500000|  0%| F|  |TAMS 0x0000000081400000| PB 0x0000000081400000| Untracked |  0
|  21|0x0000000081500000, 0x0000000081500000, 0x0000000081600000|  0%| F|  |TAMS 0x0000000081500000| PB 0x0000000081500000| Untracked |  0
|  22|0x0000000081600000, 0x0000000081600000, 0x0000000081700000|  0%| F|  |TAMS 0x0000000081600000| PB 0x0000000081600000| Untracked |  0
|  23|0x0000000081700000, 0x0000000081700000, 0x0000000081800000|  0%| F|  |TAMS 0x0000000081700000| PB 0x0000000081700000| Untracked |  0
|  24|0x0000000081800000, 0x0000000081800000, 0x0000000081900000|  0%| F|  |TAMS 0x0000000081800000| PB 0x0000000081800000| Untracked |  0
|  25|0x0000000081900000, 0x0000000081900000, 0x0000000081a00000|  0%| F|  |TAMS 0x0000000081900000| PB 0x0000000081900000| Untracked |  0
|  26|0x0000000081a00000, 0x0000000081a00000, 0x0000000081b00000|  0%| F|  |TAMS 0x0000000081a00000| PB 0x0000000081a00000| Untracked |  0
|  27|0x0000000081b00000, 0x0000000081b00000, 0x0000000081c00000|  0%| F|  |TAMS 0x0000000081b00000| PB 0x0000000081b00000| Untracked |  0
|  28|0x0000000081c00000, 0x0000000081c00000, 0x0000000081d00000|  0%| F|  |TAMS 0x0000000081c00000| PB 0x0000000081c00000| Untracked |  0
|  29|0x0000000081d00000, 0x0000000081d00000, 0x0000000081e00000|  0%| F|  |TAMS 0x0000000081d00000| PB 0x0000000081d00000| Untracked |  0
|  30|0x0000000081e00000, 0x0000000081e00000, 0x0000000081f00000|  0%| F|  |TAMS 0x0000000081e00000| PB 0x0000000081e00000| Untracked |  0
|  31|0x0000000081f00000, 0x0000000081f00000, 0x0000000082000000|  0%| F|  |TAMS 0x0000000081f00000| PB 0x0000000081f00000| Untracked |  0
|  32|0x0000000082000000, 0x0000000082000000, 0x0000000082100000|  0%| F|  |TAMS 0x0000000082000000| PB 0x0000000082000000| Untracked |  0
|  33|0x0000000082100000, 0x0000000082100000, 0x0000000082200000|  0%| F|  |TAMS 0x0000000082100000| PB 0x0000000082100000| Untracked |  0
|  34|0x0000000082200000, 0x0000000082200000, 0x0000000082300000|  0%| F|  |TAMS 0x0000000082200000| PB 0x0000000082200000| Untracked |  0
|  35|0x0000000082300000, 0x0000000082300000, 0x0000000082400000|  0%| F|  |TAMS 0x0000000082300000| PB 0x0000000082300000| Untracked |  0
|  36|0x0000000082400000, 0x0000000082400000, 0x0000000082500000|  0%| F|  |TAMS 0x0000000082400000| PB 0x0000000082400000| Untracked |  0
|  37|0x0000000082500000, 0x0000000082500000, 0x0000000082600000|  0%| F|  |TAMS 0x0000000082500000| PB 0x0000000082500000| Untracked |  0
|  38|0x0000000082600000, 0x0000000082600000, 0x0000000082700000|  0%| F|  |TAMS 0x0000000082600000| PB 0x0000000082600000| Untracked |  0
|  39|0x0000000082700000, 0x0000000082700000, 0x0000000082800000|  0%| F|  |TAMS 0x0000000082700000| PB 0x0000000082700000| Untracked |  0
|  40|0x0000000082800000, 0x0000000082800000, 0x0000000082900000|  0%| F|  |TAMS 0x0000000082800000| PB 0x0000000082800000| Untracked |  0
|  41|0x0000000082900000, 0x0000000082900000, 0x0000000082a00000|  0%| F|  |TAMS 0x0000000082900000| PB 0x0000000082900000| Untracked |  0
|  42|0x0000000082a00000, 0x0000000082a00000, 0x0000000082b00000|  0%| F|  |TAMS 0x0000000082a00000| PB 0x0000000082a00000| Untracked |  0
|  43|0x0000000082b00000, 0x0000000082b00000, 0x0000000082c00000|  0%| F|  |TAMS 0x0000000082b00000| PB 0x0000000082b00000| Untracked |  0
|  44|0x0000000082c00000, 0x0000000082c00000, 0x0000000082d00000|  0%| F|  |TAMS 0x0000000082c00000| PB 0x0000000082c00000| Untracked |  0
|  45|0x0000000082d00000, 0x0000000082d00000, 0x0000000082e00000|  0%| F|  |TAMS 0x0000000082d00000| PB 0x0000000082d00000| Untracked |  0
|  46|0x0000000082e00000, 0x0000000082e00000, 0x0000000082f00000|  0%| F|  |TAMS 0x0000000082e00000| PB 0x0000000082e00000| Untracked |  0
|  47|0x0000000082f00000, 0x0000000082f00000, 0x0000000083000000|  0%| F|  |TAMS 0x0000000082f00000| PB 0x0000000082f00000| Untracked |  0
|  48|0x0000000083000000, 0x0000000083000000, 0x0000000083100000|  0%| F|  |TAMS 0x0000000083000000| PB 0x0000000083000000| Untracked |  0
|  49|0x0000000083100000, 0x0000000083100000, 0x0000000083200000|  0%| F|  |TAMS 0x0000000083100000| PB 0x0000000083100000| Untracked |  0
|  50|0x0000000083200000, 0x0000000083200000, 0x0000000083300000|  0%| F|  |TAMS 0x0000000083200000| PB 0x0000000083200000| Untracked |  0
|  51|0x0000000083300000, 0x0000000083300000, 0x0000000083400000|  0%| F|  |TAMS 0x0000000083300000| PB 0x0000000083300000| Untracked |  0
|  52|0x0000000083400000, 0x0000000083400000, 0x0000000083500000|  0%| F|  |TAMS 0x0000000083400000| PB 0x0000000083400000| Untracked |  0
|  53|0x0000000083500000, 0x0000000083500000, 0x0000000083600000|  0%| F|  |TAMS 0x0000000083500000| PB 0x0000000083500000| Untracked |  0
|  54|0x0000000083600000, 0x0000000083600000, 0x0000000083700000|  0%| F|  |TAMS 0x0000000083600000| PB 0x0000000083600000| Untracked |  0
|  55|0x0000000083700000, 0x0000000083700000, 0x0000000083800000|  0%| F|  |TAMS 0x0000000083700000| PB 0x0000000083700000| Untracked |  0
|  56|0x0000000083800000, 0x0000000083800000, 0x0000000083900000|  0%| F|  |TAMS 0x0000000083800000| PB 0x0000000083800000| Untracked |  0
|  57|0x0000000083900000, 0x0000000083900000, 0x0000000083a00000|  0%| F|  |TAMS 0x0000000083900000| PB 0x0000000083900000| Untracked |  0
|  58|0x0000000083a00000, 0x0000000083a00000, 0x0000000083b00000|  0%| F|  |TAMS 0x0000000083a00000| PB 0x0000000083a00000| Untracked |  0
|  59|0x0000000083b00000, 0x0000000083b00000, 0x0000000083c00000|  0%| F|  |TAMS 0x0000000083b00000| PB 0x0000000083b00000| Untracked |  0
|  60|0x0000000083c00000, 0x0000000083c00000, 0x0000000083d00000|  0%| F|  |TAMS 0x0000000083c00000| PB 0x0000000083c00000| Untracked |  0
|  61|0x0000000083d00000, 0x0000000083d00000, 0x0000000083e00000|  0%| F|  |TAMS 0x0000000083d00000| PB 0x0000000083d00000| Untracked |  0
|  62|0x0000000083e00000, 0x0000000083e9f920, 0x0000000083f00000| 62%| S|CS|TAMS 0x0000000083e00000| PB 0x0000000083e00000| Complete |  0
|  63|0x0000000083f00000, 0x0000000084000000, 0x0000000084000000|100%| S|CS|TAMS 0x0000000083f00000| PB 0x0000000083f00000| Complete |  0
|  64|0x0000000084000000, 0x0000000084000000, 0x0000000084100000|  0%| F|  |TAMS 0x0000000084000000| PB 0x0000000084000000| Untracked |  0
|  65|0x0000000084100000, 0x0000000084100000, 0x0000000084200000|  0%| F|  |TAMS 0x0000000084100000| PB 0x0000000084100000| Untracked |  0
|  66|0x0000000084200000, 0x0000000084200000, 0x0000000084300000|  0%| F|  |TAMS 0x0000000084200000| PB 0x0000000084200000| Untracked |  0
|  67|0x0000000084300000, 0x0000000084300000, 0x0000000084400000|  0%| F|  |TAMS 0x0000000084300000| PB 0x0000000084300000| Untracked |  0
|  68|0x0000000084400000, 0x0000000084400000, 0x0000000084500000|  0%| F|  |TAMS 0x0000000084400000| PB 0x0000000084400000| Untracked |  0
|  69|0x0000000084500000, 0x0000000084500000, 0x0000000084600000|  0%| F|  |TAMS 0x0000000084500000| PB 0x0000000084500000| Untracked |  0
|  70|0x0000000084600000, 0x0000000084600000, 0x0000000084700000|  0%| F|  |TAMS 0x0000000084600000| PB 0x0000000084600000| Untracked |  0
|  71|0x0000000084700000, 0x0000000084800000, 0x0000000084800000|100%| S|CS|TAMS 0x0000000084700000| PB 0x0000000084700000| Complete |  0
|  72|0x0000000084800000, 0x0000000084900000, 0x0000000084900000|100%| S|CS|TAMS 0x0000000084800000| PB 0x0000000084800000| Complete |  0
|  73|0x0000000084900000, 0x0000000084900000, 0x0000000084a00000|  0%| F|  |TAMS 0x0000000084900000| PB 0x0000000084900000| Untracked |  0
|  74|0x0000000084a00000, 0x0000000084a00000, 0x0000000084b00000|  0%| F|  |TAMS 0x0000000084a00000| PB 0x0000000084a00000| Untracked |  0
|  75|0x0000000084b00000, 0x0000000084b00000, 0x0000000084c00000|  0%| F|  |TAMS 0x0000000084b00000| PB 0x0000000084b00000| Untracked |  0
|  76|0x0000000084c00000, 0x0000000084c00000, 0x0000000084d00000|  0%| F|  |TAMS 0x0000000084c00000| PB 0x0000000084c00000| Untracked |  0
|  77|0x0000000084d00000, 0x0000000084d00000, 0x0000000084e00000|  0%| F|  |TAMS 0x0000000084d00000| PB 0x0000000084d00000| Untracked |  0
|  78|0x0000000084e00000, 0x0000000084e00000, 0x0000000084f00000|  0%| F|  |TAMS 0x0000000084e00000| PB 0x0000000084e00000| Untracked |  0
|  79|0x0000000084f00000, 0x0000000084f00000, 0x0000000085000000|  0%| F|  |TAMS 0x0000000084f00000| PB 0x0000000084f00000| Untracked |  0
|  80|0x0000000085000000, 0x0000000085000000, 0x0000000085100000|  0%| F|  |TAMS 0x0000000085000000| PB 0x0000000085000000| Untracked |  0
|  81|0x0000000085100000, 0x0000000085100000, 0x0000000085200000|  0%| F|  |TAMS 0x0000000085100000| PB 0x0000000085100000| Untracked |  0
|  82|0x0000000085200000, 0x0000000085200000, 0x0000000085300000|  0%| F|  |TAMS 0x0000000085200000| PB 0x0000000085200000| Untracked |  0
|  83|0x0000000085300000, 0x0000000085300000, 0x0000000085400000|  0%| F|  |TAMS 0x0000000085300000| PB 0x0000000085300000| Untracked |  0
|  84|0x0000000085400000, 0x0000000085400000, 0x0000000085500000|  0%| F|  |TAMS 0x0000000085400000| PB 0x0000000085400000| Untracked |  0
|  85|0x0000000085500000, 0x0000000085500000, 0x0000000085600000|  0%| F|  |TAMS 0x0000000085500000| PB 0x0000000085500000| Untracked |  0
|  86|0x0000000085600000, 0x0000000085600000, 0x0000000085700000|  0%| F|  |TAMS 0x0000000085600000| PB 0x0000000085600000| Untracked |  0
|  87|0x0000000085700000, 0x0000000085700000, 0x0000000085800000|  0%| F|  |TAMS 0x0000000085700000| PB 0x0000000085700000| Untracked |  0
|  88|0x0000000085800000, 0x0000000085800000, 0x0000000085900000|  0%| F|  |TAMS 0x0000000085800000| PB 0x0000000085800000| Untracked |  0
|  89|0x0000000085900000, 0x0000000085900000, 0x0000000085a00000|  0%| F|  |TAMS 0x0000000085900000| PB 0x0000000085900000| Untracked |  0
|  90|0x0000000085a00000, 0x0000000085a00000, 0x0000000085b00000|  0%| F|  |TAMS 0x0000000085a00000| PB 0x0000000085a00000| Untracked |  0
|  91|0x0000000085b00000, 0x0000000085b00000, 0x0000000085c00000|  0%| F|  |TAMS 0x0000000085b00000| PB 0x0000000085b00000| Untracked |  0
|  92|0x0000000085c00000, 0x0000000085c00000, 0x0000000085d00000|  0%| F|  |TAMS 0x0000000085c00000| PB 0x0000000085c00000| Untracked |  0
|  93|0x0000000085d00000, 0x0000000085d00000, 0x0000000085e00000|  0%| F|  |TAMS 0x0000000085d00000| PB 0x0000000085d00000| Untracked |  0
|  94|0x0000000085e00000, 0x0000000085e00000, 0x0000000085f00000|  0%| F|  |TAMS 0x0000000085e00000| PB 0x0000000085e00000| Untracked |  0
|  95|0x0000000085f00000, 0x0000000085f00000, 0x0000000086000000|  0%| F|  |TAMS 0x0000000085f00000| PB 0x0000000085f00000| Untracked |  0
|  96|0x0000000086000000, 0x0000000086000000, 0x0000000086100000|  0%| F|  |TAMS 0x0000000086000000| PB 0x0000000086000000| Untracked |  0
|  97|0x0000000086100000, 0x0000000086100000, 0x0000000086200000|  0%| F|  |TAMS 0x0000000086100000| PB 0x0000000086100000| Untracked |  0
|  98|0x0000000086200000, 0x0000000086200000, 0x0000000086300000|  0%| F|  |TAMS 0x0000000086200000| PB 0x0000000086200000| Untracked |  0
|  99|0x0000000086300000, 0x0000000086300000, 0x0000000086400000|  0%| F|  |TAMS 0x0000000086300000| PB 0x0000000086300000| Untracked |  0
| 100|0x0000000086400000, 0x0000000086400000, 0x0000000086500000|  0%| F|  |TAMS 0x0000000086400000| PB 0x0000000086400000| Untracked |  0
| 101|0x0000000086500000, 0x0000000086600000, 0x0000000086600000|100%| E|  |TAMS 0x0000000086500000| PB 0x0000000086500000| Complete |  0
| 102|0x0000000086600000, 0x0000000086700000, 0x0000000086700000|100%| E|CS|TAMS 0x0000000086600000| PB 0x0000000086600000| Complete |  0
| 103|0x0000000086700000, 0x0000000086800000, 0x0000000086800000|100%| E|CS|TAMS 0x0000000086700000| PB 0x0000000086700000| Complete |  0
| 104|0x0000000086800000, 0x0000000086900000, 0x0000000086900000|100%| E|CS|TAMS 0x0000000086800000| PB 0x0000000086800000| Complete |  0
| 105|0x0000000086900000, 0x0000000086a00000, 0x0000000086a00000|100%| E|CS|TAMS 0x0000000086900000| PB 0x0000000086900000| Complete |  0
| 106|0x0000000086a00000, 0x0000000086b00000, 0x0000000086b00000|100%| E|CS|TAMS 0x0000000086a00000| PB 0x0000000086a00000| Complete |  0
| 107|0x0000000086b00000, 0x0000000086c00000, 0x0000000086c00000|100%| E|CS|TAMS 0x0000000086b00000| PB 0x0000000086b00000| Complete |  0
| 108|0x0000000086c00000, 0x0000000086d00000, 0x0000000086d00000|100%| E|CS|TAMS 0x0000000086c00000| PB 0x0000000086c00000| Complete |  0
| 109|0x0000000086d00000, 0x0000000086e00000, 0x0000000086e00000|100%| E|CS|TAMS 0x0000000086d00000| PB 0x0000000086d00000| Complete |  0
| 110|0x0000000086e00000, 0x0000000086f00000, 0x0000000086f00000|100%| E|CS|TAMS 0x0000000086e00000| PB 0x0000000086e00000| Complete |  0
| 111|0x0000000086f00000, 0x0000000087000000, 0x0000000087000000|100%| E|CS|TAMS 0x0000000086f00000| PB 0x0000000086f00000| Complete |  0
| 112|0x0000000087000000, 0x0000000087100000, 0x0000000087100000|100%| E|CS|TAMS 0x0000000087000000| PB 0x0000000087000000| Complete |  0
| 113|0x0000000087100000, 0x0000000087200000, 0x0000000087200000|100%| E|CS|TAMS 0x0000000087100000| PB 0x0000000087100000| Complete |  0
| 114|0x0000000087200000, 0x0000000087300000, 0x0000000087300000|100%| E|CS|TAMS 0x0000000087200000| PB 0x0000000087200000| Complete |  0
| 115|0x0000000087300000, 0x0000000087400000, 0x0000000087400000|100%| E|CS|TAMS 0x0000000087300000| PB 0x0000000087300000| Complete |  0
| 116|0x0000000087400000, 0x0000000087500000, 0x0000000087500000|100%| E|CS|TAMS 0x0000000087400000| PB 0x0000000087400000| Complete |  0
| 117|0x0000000087500000, 0x0000000087600000, 0x0000000087600000|100%| E|CS|TAMS 0x0000000087500000| PB 0x0000000087500000| Complete |  0
| 118|0x0000000087600000, 0x0000000087700000, 0x0000000087700000|100%| E|CS|TAMS 0x0000000087600000| PB 0x0000000087600000| Complete |  0
| 119|0x0000000087700000, 0x0000000087800000, 0x0000000087800000|100%| E|CS|TAMS 0x0000000087700000| PB 0x0000000087700000| Complete |  0
| 120|0x0000000087800000, 0x0000000087900000, 0x0000000087900000|100%| E|CS|TAMS 0x0000000087800000| PB 0x0000000087800000| Complete |  0
| 121|0x0000000087900000, 0x0000000087a00000, 0x0000000087a00000|100%| E|CS|TAMS 0x0000000087900000| PB 0x0000000087900000| Complete |  0
| 122|0x0000000087a00000, 0x0000000087b00000, 0x0000000087b00000|100%| E|CS|TAMS 0x0000000087a00000| PB 0x0000000087a00000| Complete |  0
| 123|0x0000000087b00000, 0x0000000087c00000, 0x0000000087c00000|100%| E|CS|TAMS 0x0000000087b00000| PB 0x0000000087b00000| Complete |  0
| 124|0x0000000087c00000, 0x0000000087d00000, 0x0000000087d00000|100%| E|CS|TAMS 0x0000000087c00000| PB 0x0000000087c00000| Complete |  0
| 125|0x0000000087d00000, 0x0000000087e00000, 0x0000000087e00000|100%| E|CS|TAMS 0x0000000087d00000| PB 0x0000000087d00000| Complete |  0
| 126|0x0000000087e00000, 0x0000000087f00000, 0x0000000087f00000|100%| E|CS|TAMS 0x0000000087e00000| PB 0x0000000087e00000| Complete |  0
| 127|0x0000000087f00000, 0x0000000088000000, 0x0000000088000000|100%| E|CS|TAMS 0x0000000087f00000| PB 0x0000000087f00000| Complete |  0
|2046|0x00000000ffe00000, 0x00000000fff00000, 0x00000000fff00000|100%| O|  |TAMS 0x00000000ffe00000| PB 0x00000000ffe00000| Untracked |  0
|2047|0x00000000fff00000, 0x00000000fff1d1c0, 0x0000000100000000| 11%| O|  |TAMS 0x00000000fff00000| PB 0x00000000fff00000| Untracked |  0

Card table byte_map: [0x000002737a390000,0x000002737a790000] _byte_map_base: 0x0000027379f90000

Marking Bits: (CMBitMap*) 0x0000027379cf4630
 Bits: [0x000002737a790000, 0x000002737c790000)

Polling page: 0x0000027379480000

Metaspace:

Usage:
  Non-class:     17.60 MB used.
      Class:      2.12 MB used.
       Both:     19.73 MB used.

Virtual space:
  Non-class space:       64.00 MB reserved,      18.00 MB ( 28%) committed,  1 nodes.
      Class space:        1.00 GB reserved,       2.44 MB ( <1%) committed,  1 nodes.
             Both:        1.06 GB reserved,      20.44 MB (  2%) committed. 

Chunk freelists:
   Non-Class:  13.55 MB
       Class:  13.47 MB
        Both:  27.02 MB

MaxMetaspaceSize: unlimited
CompressedClassSpaceSize: 1.00 GB
Initial GC threshold: 21.00 MB
Current GC threshold: 21.00 MB
CDS: on
 - commit_granule_bytes: 65536.
 - commit_granule_words: 8192.
 - virtual_space_node_default_size: 8388608.
 - enlarge_chunks_in_place: 1.
UseCompressedClassPointers 1, UseCompactObjectHeaders 0
Narrow klass pointer bits 32, Max shift 3
Narrow klass base: 0x0000027318000000, Narrow klass shift: 0
Encoding Range: [0x0000027318000000 - 0x0000027418000000), (4294967296 bytes)
Klass Range:    [0x0000027318000000 - 0x0000027359000000), (1090519040 bytes)
Klass ID Range:  [8 - 1090519033) (1090519025)


Internal statistics:

num_allocs_failed_limit: 0.
num_arena_births: 940.
num_arena_deaths: 0.
num_vsnodes_births: 2.
num_vsnodes_deaths: 0.
num_space_committed: 327.
num_space_uncommitted: 0.
num_chunks_returned_to_freelist: 0.
num_chunks_taken_from_freelist: 1683.
num_chunk_merges: 0.
num_chunk_splits: 1116.
num_chunks_enlarged: 765.
num_inconsistent_stats: 0.

CodeHeap 'non-profiled nmethods': size=120064Kb used=1166Kb max_used=1166Kb free=118897Kb
 bounds [0x00000273102a0000, 0x0000027310510000, 0x00000273177e0000]
CodeHeap 'profiled nmethods': size=120000Kb used=5600Kb max_used=5600Kb free=114400Kb
 bounds [0x00000273087e0000, 0x0000027308d60000, 0x000002730fd10000]
CodeHeap 'non-nmethods': size=5696Kb used=1426Kb max_used=1446Kb free=4269Kb
 bounds [0x000002730fd10000, 0x000002730ff80000, 0x00000273102a0000]
CodeCache: size=245760Kb, used=8192Kb, max_used=8212Kb, free=237566Kb
 total_blobs=3786, nmethods=3193, adapters=496, full_count=0
Compilation: enabled, stopped_count=0, restarted_count=0

Compilation events (20 events):
Event: 2.189 Thread 0x000002737f02a7b0 3075       3       java.util.concurrent.locks.LockSupport::setBlocker (12 bytes)
Event: 2.189 Thread 0x000002737f02a7b0 nmethod 3075 0x0000027308d0f688 code [0x0000027308d0f7a0, 0x0000027308d0fa28]
Event: 2.190 Thread 0x000002737f02a7b0 3076       3       jdk.internal.reflect.ReflectionFactory::copyConstructor (11 bytes)
Event: 2.190 Thread 0x000002737f02a7b0 nmethod 3076 0x0000027308d0fa88 code [0x0000027308d0fbc0, 0x0000027308d0fe30]
Event: 2.190 Thread 0x000002737f02a7b0 3077       3       java.lang.reflect.ReflectAccess::copyConstructor (5 bytes)
Event: 2.190 Thread 0x000002737f02a7b0 nmethod 3077 0x0000027308d0fe88 code [0x0000027308d0ffa0, 0x0000027308d10160]
Event: 2.191 Thread 0x000002737f02a7b0 3078       3       java.lang.Class::privateGetDeclaredConstructors (79 bytes)
Event: 2.191 Thread 0x000002737f02a7b0 nmethod 3078 0x0000027308d10188 code [0x0000027308d10300, 0x0000027308d10858]
Event: 2.206 Thread 0x000002737f02a7b0 3079       3       java.lang.invoke.LambdaForm$MH/0x0000027319096000::invoke (39 bytes)
Event: 2.206 Thread 0x000002737f02a7b0 nmethod 3079 0x0000027308d10888 code [0x0000027308d10a60, 0x0000027308d11680]
Event: 2.208 Thread 0x000002737f02a7b0 3080   !   3       jdk.proxy1.$Proxy2::annotationType (28 bytes)
Event: 2.208 Thread 0x000002737f02a7b0 nmethod 3080 0x0000027308d11788 code [0x0000027308d118c0, 0x0000027308d11ca0]
Event: 2.211 Thread 0x000002737f02a7b0 3081       3       org.gradle.internal.service.AbstractServiceMethod::<init> (42 bytes)
Event: 2.212 Thread 0x000002737f02a7b0 nmethod 3081 0x0000027308d11d08 code [0x0000027308d11f60, 0x0000027308d135f0]
Event: 2.275 Thread 0x000002737f02a7b0 3084       3       java.lang.reflect.Method::setMethodAccessor (20 bytes)
Event: 2.275 Thread 0x000002737f02a7b0 nmethod 3084 0x0000027308d13708 code [0x0000027308d13840, 0x0000027308d13bf8]
Event: 2.291 Thread 0x000002737f02a7b0 3086       3       org.gradle.internal.service.ServiceScopeValidator::getAnnotations (4 bytes)
Event: 2.291 Thread 0x000002737f02a7b0 nmethod 3086 0x0000027308d13c08 code [0x0000027308d13d20, 0x0000027308d13e30]
Event: 2.308 Thread 0x000002737f02a7b0 3087       3       jdk.internal.reflect.ConstantPool::getIntAt (10 bytes)
Event: 2.308 Thread 0x000002737f02a7b0 nmethod 3087 0x0000027308d13f08 code [0x0000027308d14020, 0x0000027308d14160]

GC Heap History (6 events):
Event: 0.601 GC heap before
{Heap before GC invocations=0 (full 0):
 garbage-first heap   total reserved 2097152K, committed 133120K, used 47220K [0x0000000080000000, 0x0000000100000000)
  region size 1024K, 42 young (43008K), 0 survivors (0K)
 Metaspace       used 4321K, committed 4608K, reserved 1114112K
  class space    used 376K, committed 512K, reserved 1048576K
}
Event: 0.605 GC heap after
{Heap after GC invocations=1 (full 0):
 garbage-first heap   total reserved 2097152K, committed 133120K, used 12037K [0x0000000080000000, 0x0000000100000000)
  region size 1024K, 6 young (6144K), 6 survivors (6144K)
 Metaspace       used 4321K, committed 4608K, reserved 1114112K
  class space    used 376K, committed 512K, reserved 1048576K
}
Event: 1.212 GC heap before
{Heap before GC invocations=1 (full 0):
 garbage-first heap   total reserved 2097152K, committed 133120K, used 65285K [0x0000000080000000, 0x0000000100000000)
  region size 1024K, 57 young (58368K), 6 survivors (6144K)
 Metaspace       used 6843K, committed 7168K, reserved 1114112K
  class space    used 641K, committed 832K, reserved 1048576K
}
Event: 1.218 GC heap after
{Heap after GC invocations=2 (full 0):
 garbage-first heap   total reserved 2097152K, committed 133120K, used 20000K [0x0000000080000000, 0x0000000100000000)
  region size 1024K, 7 young (7168K), 7 survivors (7168K)
 Metaspace       used 6843K, committed 7168K, reserved 1114112K
  class space    used 641K, committed 832K, reserved 1048576K
}
Event: 2.043 GC heap before
{Heap before GC invocations=2 (full 0):
 garbage-first heap   total reserved 2097152K, committed 133120K, used 76320K [0x0000000080000000, 0x0000000100000000)
  region size 1024K, 62 young (63488K), 7 survivors (7168K)
 Metaspace       used 16733K, committed 17280K, reserved 1114112K
  class space    used 1804K, committed 2048K, reserved 1048576K
}
Event: 2.049 GC heap after
{Heap after GC invocations=3 (full 0):
 garbage-first heap   total reserved 2097152K, committed 133120K, used 23481K [0x0000000080000000, 0x0000000100000000)
  region size 1024K, 4 young (4096K), 4 survivors (4096K)
 Metaspace       used 16733K, committed 17280K, reserved 1114112K
  class space    used 1804K, committed 2048K, reserved 1048576K
}

Dll operation events (15 events):
Event: 0.008 Loaded shared library C:\Sdk\Java\jdk-24\bin\java.dll
Event: 0.034 Loaded shared library C:\Sdk\Java\jdk-24\bin\jsvml.dll
Event: 0.061 Loaded shared library C:\Sdk\Java\jdk-24\bin\zip.dll
Event: 0.063 Loaded shared library C:\Sdk\Java\jdk-24\bin\instrument.dll
Event: 0.066 Loaded shared library C:\Sdk\Java\jdk-24\bin\net.dll
Event: 0.067 Loaded shared library C:\Sdk\Java\jdk-24\bin\nio.dll
Event: 0.069 Loaded shared library C:\Sdk\Java\jdk-24\bin\zip.dll
Event: 0.227 Loaded shared library C:\Sdk\Java\jdk-24\bin\jimage.dll
Event: 0.300 Loaded shared library C:\Sdk\Java\jdk-24\bin\verify.dll
Event: 0.384 Loaded shared library C:\gradle_cache\native\c067742578af261105cb4f569cf0c3c89f3d7b1fecec35dd04571415982c5e48\windows-amd64\native-platform.dll
Event: 0.392 Loaded shared library C:\gradle_cache\native\100fb08df4bc3b14c8652ba06237920a3bd2aa13389f12d3474272988ae205f9\windows-amd64\native-platform-file-events.dll
Event: 1.175 Loaded shared library C:\Sdk\Java\jdk-24\bin\management.dll
Event: 1.176 Loaded shared library C:\Sdk\Java\jdk-24\bin\management_ext.dll
Event: 1.337 Loaded shared library C:\Sdk\Java\jdk-24\bin\extnet.dll
Event: 1.421 Loaded shared library C:\Sdk\Java\jdk-24\bin\sunmscapi.dll

Deoptimization events (20 events):
Event: 1.620 Thread 0x000002735e86e040 DEOPT PACKING pc=0x00000273103116c8 sp=0x000000d6ce2fbfe0
Event: 1.620 Thread 0x000002735e86e040 DEOPT UNPACKING pc=0x000002730fe26e82 sp=0x000000d6ce2fbf48 mode 2
Event: 1.852 Thread 0x000002735e86e040 Uncommon trap: trap_request=0xffffff4d fr.pc=0x0000027310314b04 relative=0x0000000000000164
Event: 1.852 Thread 0x000002735e86e040 Uncommon trap: reason=unstable_if action=reinterpret pc=0x0000027310314b04 method=java.util.regex.Matcher.reset()Ljava/util/regex/Matcher; @ 47 c2
Event: 1.852 Thread 0x000002735e86e040 DEOPT PACKING pc=0x0000027310314b04 sp=0x000000d6ce2fb1e0
Event: 1.852 Thread 0x000002735e86e040 DEOPT UNPACKING pc=0x000002730fe26e82 sp=0x000000d6ce2fb170 mode 2
Event: 1.858 Thread 0x000002735e86e040 DEOPT PACKING pc=0x00000273088ac9af sp=0x000000d6ce2fae90
Event: 1.858 Thread 0x000002735e86e040 DEOPT UNPACKING pc=0x000002730fd65722 sp=0x000000d6ce2fa328 mode 0
Event: 1.900 Thread 0x000002735e86e040 Uncommon trap: trap_request=0xffffff4d fr.pc=0x00000273102c5bc0 relative=0x0000000000000b60
Event: 1.900 Thread 0x000002735e86e040 Uncommon trap: reason=unstable_if action=reinterpret pc=0x00000273102c5bc0 method=java.io.WinNTFileSystem.resolve(Ljava/lang/String;Ljava/lang/String;)Ljava/lang/String; @ 42 c2
Event: 1.900 Thread 0x000002735e86e040 DEOPT PACKING pc=0x00000273102c5bc0 sp=0x000000d6ce2fbbf0
Event: 1.900 Thread 0x000002735e86e040 DEOPT UNPACKING pc=0x000002730fe26e82 sp=0x000000d6ce2fbb68 mode 2
Event: 1.902 Thread 0x000002735e86e040 Uncommon trap: trap_request=0xffffff4d fr.pc=0x0000027310311e44 relative=0x0000000000000584
Event: 1.902 Thread 0x000002735e86e040 Uncommon trap: reason=unstable_if action=reinterpret pc=0x0000027310311e44 method=java.io.File.getName()Ljava/lang/String; @ 16 c2
Event: 1.902 Thread 0x000002735e86e040 DEOPT PACKING pc=0x0000027310311e44 sp=0x000000d6ce2fbbc0
Event: 1.902 Thread 0x000002735e86e040 DEOPT UNPACKING pc=0x000002730fe26e82 sp=0x000000d6ce2fbb90 mode 2
Event: 1.974 Thread 0x000002735e86e040 Uncommon trap: trap_request=0xffffff4d fr.pc=0x00000273103325d8 relative=0x0000000000000618
Event: 1.974 Thread 0x000002735e86e040 Uncommon trap: reason=unstable_if action=reinterpret pc=0x00000273103325d8 method=java.util.ArrayList.grow(I)[Ljava/lang/Object; @ 17 c2
Event: 1.974 Thread 0x000002735e86e040 DEOPT PACKING pc=0x00000273103325d8 sp=0x000000d6ce2fd6c0
Event: 1.974 Thread 0x000002735e86e040 DEOPT UNPACKING pc=0x000002730fe26e82 sp=0x000000d6ce2fd558 mode 2

Classes loaded (20 events):
Event: 2.130 Loading class java/io/ObjectInputStream
Event: 2.130 Loading class java/io/ObjectInput
Event: 2.131 Loading class java/io/ObjectInput done
Event: 2.131 Loading class java/io/ObjectInputStream done
Event: 2.202 Loading class java/lang/management/MemoryType
Event: 2.203 Loading class java/lang/management/MemoryType done
Event: 2.203 Loading class java/lang/management/MemoryUsage
Event: 2.204 Loading class java/lang/management/MemoryUsage done
Event: 2.204 Loading class java/util/concurrent/LinkedBlockingDeque$Node
Event: 2.204 Loading class java/util/concurrent/LinkedBlockingDeque$Node done
Event: 2.282 Loading class javax/xml/parsers/ParserConfigurationException
Event: 2.283 Loading class javax/xml/parsers/ParserConfigurationException done
Event: 2.283 Loading class org/xml/sax/SAXException
Event: 2.283 Loading class org/xml/sax/SAXException done
Event: 2.283 Loading class javax/xml/xpath/XPathExpressionException
Event: 2.283 Loading class javax/xml/xpath/XPathException
Event: 2.283 Loading class javax/xml/xpath/XPathException done
Event: 2.283 Loading class javax/xml/xpath/XPathExpressionException done
Event: 2.283 Loading class org/xml/sax/ErrorHandler
Event: 2.284 Loading class org/xml/sax/ErrorHandler done

Classes unloaded (0 events):
No events

Classes redefined (0 events):
No events

Internal exceptions (20 events):
Event: 1.928 Thread 0x000002735e86e040 Exception <a 'java/lang/IncompatibleClassChangeError'{0x00000000852c3668}: Found class java.lang.Object, but interface was expected> (0x00000000852c3668) 
thrown [s\open\src\hotspot\share\interpreter\linkResolver.cpp, line 872]
Event: 1.955 Thread 0x000002735e86e040 Exception <a 'java/lang/NoSuchMethodError'{0x00000000850b3698}: 'int java.lang.invoke.DirectMethodHandle$Holder.invokeStatic(java.lang.Object, java.lang.Object, java.lang.Object, java.lang.Object)'> (0x00000000850b3698) 
thrown [s\open\src\hotspot\share\interpreter\linkResolver.cpp, line 805]
Event: 1.986 Thread 0x000002735e86e040 Exception <a 'java/lang/NoSuchMethodError'{0x0000000084eab448}: 'java.lang.Object java.lang.invoke.DelegatingMethodHandle$Holder.reinvoke_L(java.lang.Object, java.lang.Object, java.lang.Object, java.lang.Object, java.lang.Object, java.lang.Object, java.lang.Object, java.lang.Object, java.lang.Object, java.lang.Object, java.lang.Object, java.lang.Object, java.lang.Object, java.lang.Object, java.lang.Object, java.lang.Object, java.lang.Object, java.lang.Object, java.lang.Object, java.lang.Object, java.lang.O
Event: 1.990 Thread 0x000002735e86e040 Exception <a 'java/lang/NoSuchMethodError'{0x0000000084d5c0d0}: 'java.lang.Object java.lang.invoke.DirectMethodHandle$Holder.invokeStatic(java.lang.Object, java.lang.Object, java.lang.Object, java.lang.Object, java.lang.Object, java.lang.Object, java.lang.Object, java.lang.Object, java.lang.Object, java.lang.Object, java.lang.Object, java.lang.Object, java.lang.Object, java.lang.Object, java.lang.Object, java.lang.Object, java.lang.Object)'> (0x0000000084d5c0d0) 
thrown [s\open\src\hotspot\share\interprete
Event: 1.991 Thread 0x000002735e86e040 Exception <a 'java/lang/NoSuchMethodError'{0x0000000084d8e360}: 'java.lang.Object java.lang.invoke.DirectMethodHandle$Holder.invokeStatic(java.lang.Object, java.lang.Object, java.lang.Object, java.lang.Object, java.lang.Object, java.lang.Object, java.lang.Object, java.lang.Object, java.lang.Object, java.lang.Object, java.lang.Object, java.lang.Object, java.lang.Object, java.lang.Object, java.lang.Object, java.lang.Object, java.lang.Object, java.lang.Object)'> (0x0000000084d8e360) 
thrown [s\open\src\hotspo
Event: 1.992 Thread 0x000002735e86e040 Exception <a 'java/lang/NoSuchMethodError'{0x0000000084dc21e8}: 'java.lang.Object java.lang.invoke.DirectMethodHandle$Holder.invokeStatic(java.lang.Object, java.lang.Object, java.lang.Object, java.lang.Object, java.lang.Object, java.lang.Object, java.lang.Object, java.lang.Object, java.lang.Object, java.lang.Object, java.lang.Object, java.lang.Object, java.lang.Object, java.lang.Object, java.lang.Object, java.lang.Object, java.lang.Object, java.lang.Object, java.lang.Object)'> (0x0000000084dc21e8) 
thrown 
Event: 1.994 Thread 0x000002735e86e040 Exception <a 'java/lang/NoSuchMethodError'{0x0000000084df6310}: 'java.lang.Object java.lang.invoke.DirectMethodHandle$Holder.invokeStatic(java.lang.Object, java.lang.Object, java.lang.Object, java.lang.Object, java.lang.Object, java.lang.Object, java.lang.Object, java.lang.Object, java.lang.Object, java.lang.Object, java.lang.Object, java.lang.Object, java.lang.Object, java.lang.Object, java.lang.Object, java.lang.Object, java.lang.Object, java.lang.Object, java.lang.Object, java.lang.Object)'> (0x00000000
Event: 1.995 Thread 0x000002735e86e040 Exception <a 'java/lang/NoSuchMethodError'{0x0000000084c2b558}: 'java.lang.Object java.lang.invoke.DirectMethodHandle$Holder.invokeStatic(java.lang.Object, java.lang.Object, java.lang.Object, java.lang.Object, java.lang.Object, java.lang.Object, java.lang.Object, java.lang.Object, java.lang.Object, java.lang.Object, java.lang.Object, java.lang.Object, java.lang.Object, java.lang.Object, java.lang.Object, java.lang.Object, java.lang.Object, java.lang.Object, java.lang.Object, java.lang.Object, java.lang.Obj
Event: 1.996 Thread 0x000002735e86e040 Exception <a 'java/lang/NoSuchMethodError'{0x0000000084c61f70}: 'java.lang.Object java.lang.invoke.DirectMethodHandle$Holder.invokeStatic(java.lang.Object, java.lang.Object, java.lang.Object, java.lang.Object, java.lang.Object, java.lang.Object, java.lang.Object, java.lang.Object, java.lang.Object, java.lang.Object, java.lang.Object, java.lang.Object, java.lang.Object, java.lang.Object, java.lang.Object, java.lang.Object, java.lang.Object, java.lang.Object, java.lang.Object, java.lang.Object, java.lang.Obj
Event: 1.998 Thread 0x000002735e86e040 Exception <a 'java/lang/NoSuchMethodError'{0x0000000084c98a08}: 'java.lang.Object java.lang.invoke.DirectMethodHandle$Holder.invokeStatic(java.lang.Object, java.lang.Object, java.lang.Object, java.lang.Object, java.lang.Object, java.lang.Object, java.lang.Object, java.lang.Object, java.lang.Object, java.lang.Object, java.lang.Object, java.lang.Object, java.lang.Object, java.lang.Object, java.lang.Object, java.lang.Object, java.lang.Object, java.lang.Object, java.lang.Object, java.lang.Object, java.lang.Obj
Event: 1.999 Thread 0x000002735e86e040 Exception <a 'java/lang/NoSuchMethodError'{0x0000000084cd06c0}: 'java.lang.Object java.lang.invoke.DirectMethodHandle$Holder.invokeStatic(java.lang.Object, java.lang.Object, java.lang.Object, java.lang.Object, java.lang.Object, java.lang.Object, java.lang.Object, java.lang.Object, java.lang.Object, java.lang.Object, java.lang.Object, java.lang.Object, java.lang.Object, java.lang.Object, java.lang.Object, java.lang.Object, java.lang.Object, java.lang.Object, java.lang.Object, java.lang.Object, java.lang.Obj
Event: 2.001 Thread 0x000002735e86e040 Exception <a 'java/lang/NoSuchMethodError'{0x0000000084b09838}: 'java.lang.Object java.lang.invoke.DirectMethodHandle$Holder.invokeStatic(java.lang.Object, java.lang.Object, java.lang.Object, java.lang.Object, java.lang.Object, java.lang.Object, java.lang.Object, java.lang.Object, java.lang.Object, java.lang.Object, java.lang.Object, java.lang.Object, java.lang.Object, java.lang.Object, java.lang.Object, java.lang.Object, java.lang.Object, java.lang.Object, java.lang.Object, java.lang.Object, java.lang.Obj
Event: 2.002 Thread 0x000002735e86e040 Exception <a 'java/lang/NoSuchMethodError'{0x0000000084b43900}: 'java.lang.Object java.lang.invoke.DirectMethodHandle$Holder.invokeStatic(java.lang.Object, java.lang.Object, java.lang.Object, java.lang.Object, java.lang.Object, java.lang.Object, java.lang.Object, java.lang.Object, java.lang.Object, java.lang.Object, java.lang.Object, java.lang.Object, java.lang.Object, java.lang.Object, java.lang.Object, java.lang.Object, java.lang.Object, java.lang.Object, java.lang.Object, java.lang.Object, java.lang.Obj
Event: 2.115 Thread 0x000002735e86e040 Exception <a 'java/lang/IncompatibleClassChangeError'{0x0000000087be0738}: Found class java.lang.Object, but interface was expected> (0x0000000087be0738) 
thrown [s\open\src\hotspot\share\interpreter\linkResolver.cpp, line 872]
Event: 2.119 Thread 0x000002735e86e040 Exception <a 'java/lang/NoSuchMethodError'{0x0000000087a20ef8}: 'java.lang.Object java.lang.invoke.DirectMethodHandle$Holder.newInvokeSpecial(java.lang.Object, java.lang.Object, java.lang.Object, java.lang.Object, java.lang.Object, java.lang.Object, java.lang.Object, java.lang.Object, java.lang.Object, java.lang.Object, java.lang.Object, java.lang.Object, java.lang.Object)'> (0x0000000087a20ef8) 
thrown [s\open\src\hotspot\share\interpreter\linkResolver.cpp, line 805]
Event: 2.120 Thread 0x000002735e86e040 Exception <a 'java/lang/NoSuchMethodError'{0x0000000087a2b0b8}: 'java.lang.Object java.lang.invoke.DirectMethodHandle$Holder.invokeSpecial(java.lang.Object, java.lang.Object, java.lang.Object, java.lang.Object, java.lang.Object, java.lang.Object, java.lang.Object, java.lang.Object, java.lang.Object, java.lang.Object, java.lang.Object, java.lang.Object, java.lang.Object, java.lang.Object)'> (0x0000000087a2b0b8) 
thrown [s\open\src\hotspot\share\interpreter\linkResolver.cpp, line 805]
Event: 2.137 Thread 0x000002735e86e040 Exception <a 'java/lang/NoSuchMethodError'{0x00000000879c9fd8}: 'java.lang.Object java.lang.invoke.DirectMethodHandle$Holder.newInvokeSpecial(java.lang.Object, java.lang.Object, java.lang.Object, java.lang.Object, java.lang.Object, java.lang.Object, java.lang.Object, java.lang.Object)'> (0x00000000879c9fd8) 
thrown [s\open\src\hotspot\share\interpreter\linkResolver.cpp, line 805]
Event: 2.142 Thread 0x000002735e86e040 Exception <a 'java/lang/NoSuchMethodError'{0x00000000878595a0}: 'int java.lang.invoke.DirectMethodHandle$Holder.invokeStaticInit(java.lang.Object, java.lang.Object, java.lang.Object)'> (0x00000000878595a0) 
thrown [s\open\src\hotspot\share\interpreter\linkResolver.cpp, line 805]
Event: 2.213 Thread 0x000002735e86e040 Exception <a 'java/lang/NoSuchMethodError'{0x00000000873f89f0}: 'java.lang.Object java.lang.invoke.DirectMethodHandle$Holder.invokeVirtual(java.lang.Object, java.lang.Object, java.lang.Object, java.lang.Object, java.lang.Object, java.lang.Object, java.lang.Object, java.lang.Object, java.lang.Object, java.lang.Object, java.lang.Object, java.lang.Object, java.lang.Object, java.lang.Object, java.lang.Object, java.lang.Object, java.lang.Object, java.lang.Object, java.lang.Object, java.lang.Object, java.lang.Ob
Event: 2.219 Thread 0x000002735e86e040 Exception <a 'java/lang/NoSuchMethodError'{0x00000000872650c8}: 'java.lang.Object java.lang.invoke.DirectMethodHandle$Holder.invokeSpecial(java.lang.Object, java.lang.Object, java.lang.Object, java.lang.Object, java.lang.Object, java.lang.Object, java.lang.Object, java.lang.Object, java.lang.Object, java.lang.Object, java.lang.Object, java.lang.Object, java.lang.Object, java.lang.Object, java.lang.Object, java.lang.Object, java.lang.Object, java.lang.Object, java.lang.Object, java.lang.Object, java.lang.Ob

VM Operations (20 events):
Event: 1.199 Executing VM operation: HandshakeAllThreads (Deoptimize)
Event: 1.199 Executing VM operation: HandshakeAllThreads (Deoptimize) done
Event: 1.211 Executing VM operation: G1CollectForAllocation (G1 Evacuation Pause)
Event: 1.218 Executing VM operation: G1CollectForAllocation (G1 Evacuation Pause) done
Event: 1.263 Executing VM operation: HandshakeAllThreads (Deoptimize)
Event: 1.263 Executing VM operation: HandshakeAllThreads (Deoptimize) done
Event: 1.290 Executing VM operation: HandshakeAllThreads (Deoptimize)
Event: 1.290 Executing VM operation: HandshakeAllThreads (Deoptimize) done
Event: 1.325 Executing VM operation: HandshakeAllThreads (Deoptimize)
Event: 1.325 Executing VM operation: HandshakeAllThreads (Deoptimize) done
Event: 1.408 Executing VM operation: HandshakeAllThreads (Deoptimize)
Event: 1.408 Executing VM operation: HandshakeAllThreads (Deoptimize) done
Event: 1.672 Executing VM operation: HandshakeAllThreads (Deoptimize)
Event: 1.672 Executing VM operation: HandshakeAllThreads (Deoptimize) done
Event: 2.007 Executing VM operation: HandshakeAllThreads (Deoptimize)
Event: 2.007 Executing VM operation: HandshakeAllThreads (Deoptimize) done
Event: 2.007 Executing VM operation: HandshakeAllThreads (Deoptimize)
Event: 2.007 Executing VM operation: HandshakeAllThreads (Deoptimize) done
Event: 2.043 Executing VM operation: G1CollectForAllocation (G1 Evacuation Pause)
Event: 2.049 Executing VM operation: G1CollectForAllocation (G1 Evacuation Pause) done

Memory protections (0 events):
No events

Nmethod flushes (0 events):
No events

Events (20 events):
Event: 0.032 Thread 0x0000027377ad03a0 Thread added: 0x000002737f026440
Event: 0.032 Thread 0x0000027377ad03a0 Thread added: 0x000002737f026e00
Event: 0.032 Thread 0x0000027377ad03a0 Thread added: 0x000002737f028010
Event: 0.032 Thread 0x0000027377ad03a0 Thread added: 0x000002737f02a7b0
Event: 0.065 Thread 0x0000027377ad03a0 Thread added: 0x000002731799c0f0
Event: 0.080 Thread 0x0000027377ad03a0 Thread added: 0x0000027317a11400
Event: 0.147 Thread 0x000002737f02a7b0 Thread added: 0x0000027317b86930
Event: 1.201 Thread 0x0000027377ad03a0 Thread added: 0x000002735e7ec020
Event: 1.362 Thread 0x0000027377ad03a0 Thread added: 0x000002735e84ecc0
Event: 1.396 Thread 0x0000027377ad03a0 Thread added: 0x000002735e82e850
Event: 1.442 Thread 0x000002735e84ecc0 Thread added: 0x000002735e913390
Event: 1.444 Thread 0x000002735e913390 Thread added: 0x000002735e86e790
Event: 1.472 Thread 0x000002735e913390 Thread added: 0x000002735e86fd80
Event: 1.476 Thread 0x000002735e913390 Thread added: 0x000002735e86e040
Event: 1.484 Thread 0x000002735e86e040 Thread added: 0x000002735e86d8f0
Event: 1.495 Thread 0x000002735e86e040 Thread added: 0x000002735e8704d0
Event: 1.496 Thread 0x000002735e86e040 Thread added: 0x000002735e870c20
Event: 1.783 Thread 0x000002735e86e040 Thread added: 0x000002735e86eee0
Event: 1.795 Thread 0x000002735e86e040 Thread added: 0x000002735e86f630
Event: 1.869 Thread 0x000002735e86e040 Thread added: 0x000002735ecc9f30


Dynamic libraries:
0x00007ff67a150000 - 0x00007ff67a160000 	C:\Sdk\Java\jdk-24\bin\java.exe
0x00007ffb31990000 - 0x00007ffb31b88000 	C:\Windows\SYSTEM32\ntdll.dll
0x00007ffb300d0000 - 0x00007ffb3018f000 	C:\Windows\System32\KERNEL32.DLL
0x00007ffb2f080000 - 0x00007ffb2f352000 	C:\Windows\System32\KERNELBASE.dll
0x00007ffb2f760000 - 0x00007ffb2f860000 	C:\Windows\System32\ucrtbase.dll
0x00007ffb26c00000 - 0x00007ffb26c16000 	C:\Sdk\Java\jdk-24\bin\jli.dll
0x00007ffb26be0000 - 0x00007ffb26bfb000 	C:\Sdk\Java\jdk-24\bin\VCRUNTIME140.dll
0x00007ffb303b0000 - 0x00007ffb30551000 	C:\Windows\System32\USER32.dll
0x00007ffb2f970000 - 0x00007ffb2f992000 	C:\Windows\System32\win32u.dll
0x00007ffb310a0000 - 0x00007ffb310cb000 	C:\Windows\System32\GDI32.dll
0x00007ffb1d7b0000 - 0x00007ffb1da4a000 	C:\Windows\WinSxS\amd64_microsoft.windows.common-controls_6595b64144ccf1df_6.0.19041.1110_none_60b5254171f9507e\COMCTL32.dll
0x00007ffb2f4a0000 - 0x00007ffb2f5af000 	C:\Windows\System32\gdi32full.dll
0x00007ffb30560000 - 0x00007ffb305fe000 	C:\Windows\System32\msvcrt.dll
0x00007ffb2f860000 - 0x00007ffb2f8fd000 	C:\Windows\System32\msvcp_win.dll
0x00007ffb30190000 - 0x00007ffb301c2000 	C:\Windows\System32\IMM32.DLL
0x00007ffb273a0000 - 0x00007ffb273ac000 	C:\Sdk\Java\jdk-24\bin\vcruntime140_1.dll
0x00007ffb17e80000 - 0x00007ffb17f0e000 	C:\Sdk\Java\jdk-24\bin\msvcp140.dll
0x00007ffae2e60000 - 0x00007ffae3c02000 	C:\Sdk\Java\jdk-24\bin\server\jvm.dll
0x00007ffb2fef0000 - 0x00007ffb2ff9e000 	C:\Windows\System32\ADVAPI32.dll
0x00007ffb310d0000 - 0x00007ffb3116c000 	C:\Windows\System32\sechost.dll
0x00007ffb2ffa0000 - 0x00007ffb300c5000 	C:\Windows\System32\RPCRT4.dll
0x00007ffb302e0000 - 0x00007ffb3034b000 	C:\Windows\System32\WS2_32.dll
0x00007ffb2ec20000 - 0x00007ffb2ec6b000 	C:\Windows\SYSTEM32\POWRPROF.dll
0x00007ffb1d380000 - 0x00007ffb1d3a7000 	C:\Windows\SYSTEM32\WINMM.dll
0x00007ffb29910000 - 0x00007ffb2991a000 	C:\Windows\SYSTEM32\VERSION.dll
0x00007ffb2ec00000 - 0x00007ffb2ec12000 	C:\Windows\SYSTEM32\UMPDC.dll
0x00007ffb2cf60000 - 0x00007ffb2cf72000 	C:\Windows\SYSTEM32\kernel.appcore.dll
0x00007ffb26cd0000 - 0x00007ffb26cda000 	C:\Sdk\Java\jdk-24\bin\jimage.dll
0x00007ffb1d090000 - 0x00007ffb1d274000 	C:\Windows\SYSTEM32\DBGHELP.DLL
0x00007ffb1cfe0000 - 0x00007ffb1d015000 	C:\Windows\SYSTEM32\dbgcore.DLL
0x00007ffb2f410000 - 0x00007ffb2f492000 	C:\Windows\System32\bcryptPrimitives.dll
0x00007ffb19900000 - 0x00007ffb1990f000 	C:\Sdk\Java\jdk-24\bin\instrument.dll
0x00007ffb1bd90000 - 0x00007ffb1bdae000 	C:\Sdk\Java\jdk-24\bin\java.dll
0x00007ffb306e0000 - 0x00007ffb3080a000 	C:\Windows\System32\ole32.dll
0x00007ffb30930000 - 0x00007ffb30c85000 	C:\Windows\System32\combase.dll
0x00007ffb31170000 - 0x00007ffb318b4000 	C:\Windows\System32\SHELL32.dll
0x00007ffb2d160000 - 0x00007ffb2d8f2000 	C:\Windows\SYSTEM32\windows.storage.dll
0x00007ffb2ea70000 - 0x00007ffb2eaa0000 	C:\Windows\SYSTEM32\Wldp.dll
0x00007ffb301d0000 - 0x00007ffb3027d000 	C:\Windows\System32\SHCORE.dll
0x00007ffb30350000 - 0x00007ffb303a5000 	C:\Windows\System32\shlwapi.dll
0x00007ffb2efc0000 - 0x00007ffb2efdf000 	C:\Windows\SYSTEM32\profapi.dll
0x00007ffb02ac0000 - 0x00007ffb02b97000 	C:\Sdk\Java\jdk-24\bin\jsvml.dll
0x00007ffb199e0000 - 0x00007ffb199f7000 	C:\Sdk\Java\jdk-24\bin\zip.dll
0x00007ffb1bd80000 - 0x00007ffb1bd90000 	C:\Sdk\Java\jdk-24\bin\net.dll
0x00007ffb2e760000 - 0x00007ffb2e7ca000 	C:\Windows\system32\mswsock.dll
0x00007ffb1bd60000 - 0x00007ffb1bd76000 	C:\Sdk\Java\jdk-24\bin\nio.dll
0x00007ffb199d0000 - 0x00007ffb199e0000 	C:\Sdk\Java\jdk-24\bin\verify.dll
0x00007ffb26d90000 - 0x00007ffb26db7000 	C:\gradle_cache\native\c067742578af261105cb4f569cf0c3c89f3d7b1fecec35dd04571415982c5e48\windows-amd64\native-platform.dll
0x00007ffb02f10000 - 0x00007ffb03054000 	C:\gradle_cache\native\100fb08df4bc3b14c8652ba06237920a3bd2aa13389f12d3474272988ae205f9\windows-amd64\native-platform-file-events.dll
0x00007ffb199b0000 - 0x00007ffb199ba000 	C:\Sdk\Java\jdk-24\bin\management.dll
0x00007ffb199a0000 - 0x00007ffb199ab000 	C:\Sdk\Java\jdk-24\bin\management_ext.dll
0x00007ffb2f9d0000 - 0x00007ffb2f9d8000 	C:\Windows\System32\PSAPI.DLL
0x00007ffb2e950000 - 0x00007ffb2e968000 	C:\Windows\SYSTEM32\CRYPTSP.dll
0x00007ffb2e080000 - 0x00007ffb2e0b4000 	C:\Windows\system32\rsaenh.dll
0x00007ffb2f9a0000 - 0x00007ffb2f9c7000 	C:\Windows\System32\bcrypt.dll
0x00007ffb2ef40000 - 0x00007ffb2ef6e000 	C:\Windows\SYSTEM32\USERENV.dll
0x00007ffb2e970000 - 0x00007ffb2e97c000 	C:\Windows\SYSTEM32\CRYPTBASE.dll
0x00007ffb2e450000 - 0x00007ffb2e48b000 	C:\Windows\SYSTEM32\IPHLPAPI.DLL
0x00007ffb30c90000 - 0x00007ffb30c98000 	C:\Windows\System32\NSI.dll
0x00007ffb19990000 - 0x00007ffb19999000 	C:\Sdk\Java\jdk-24\bin\extnet.dll
0x00007ffb19380000 - 0x00007ffb1938e000 	C:\Sdk\Java\jdk-24\bin\sunmscapi.dll
0x00007ffb2f600000 - 0x00007ffb2f756000 	C:\Windows\System32\CRYPT32.dll
0x00007ffb2eae0000 - 0x00007ffb2eb07000 	C:\Windows\SYSTEM32\ncrypt.dll
0x00007ffb2eaa0000 - 0x00007ffb2eadb000 	C:\Windows\SYSTEM32\NTASN1.dll
0x00007ffb0d9f0000 - 0x00007ffb0d9f7000 	C:\Windows\system32\wshunix.dll

JVMTI agents:
C:\gradle_cache\wrapper\dists\gradle-8.9-bin\90cnw93cvbtalezasaz0blq0a\gradle-8.9\lib\agents\gradle-instrumentation-agent-8.9.jar path:C:\Sdk\Java\jdk-24\bin\instrument.dll, loaded, initialized, instrumentlib options:none

dbghelp: loaded successfully - version: 4.0.5 - missing functions: none
symbol engine: initialized successfully - sym options: 0x614 - pdb path: .;C:\Sdk\Java\jdk-24\bin;C:\Windows\SYSTEM32;C:\Windows\WinSxS\amd64_microsoft.windows.common-controls_6595b64144ccf1df_6.0.19041.1110_none_60b5254171f9507e;C:\Sdk\Java\jdk-24\bin\server;C:\gradle_cache\native\c067742578af261105cb4f569cf0c3c89f3d7b1fecec35dd04571415982c5e48\windows-amd64;C:\gradle_cache\native\100fb08df4bc3b14c8652ba06237920a3bd2aa13389f12d3474272988ae205f9\windows-amd64

VM Arguments:
jvm_args: --add-opens=java.base/java.util=ALL-UNNAMED --add-opens=java.base/java.lang=ALL-UNNAMED --add-opens=java.base/java.lang.invoke=ALL-UNNAMED --add-opens=java.prefs/java.util.prefs=ALL-UNNAMED --add-exports=jdk.compiler/com.sun.tools.javac.api=ALL-UNNAMED --add-exports=jdk.compiler/com.sun.tools.javac.util=ALL-UNNAMED --add-opens=java.base/java.nio.charset=ALL-UNNAMED --add-opens=java.base/java.net=ALL-UNNAMED --add-opens=java.base/java.util.concurrent.atomic=ALL-UNNAMED -Xmx2048m -Dfile.encoding=UTF-8 -Duser.country=RU -Duser.language=ru -Duser.variant -javaagent:C:\gradle_cache\wrapper\dists\gradle-8.9-bin\90cnw93cvbtalezasaz0blq0a\gradle-8.9\lib\agents\gradle-instrumentation-agent-8.9.jar 
java_command: org.gradle.launcher.daemon.bootstrap.GradleDaemon 8.9
java_class_path (initial): C:\gradle_cache\wrapper\dists\gradle-8.9-bin\90cnw93cvbtalezasaz0blq0a\gradle-8.9\lib\gradle-daemon-main-8.9.jar
Launcher Type: SUN_STANDARD

[Global flags]
     intx CICompilerCount                          = 3                                         {product} {ergonomic}
     uint ConcGCThreads                            = 2                                         {product} {ergonomic}
     uint G1ConcRefinementThreads                  = 6                                         {product} {ergonomic}
   size_t G1HeapRegionSize                         = 1048576                                   {product} {ergonomic}
   size_t InitialHeapSize                          = 134217728                                 {product} {ergonomic}
   size_t MarkStackSize                            = 4194304                                   {product} {ergonomic}
   size_t MarkStackSizeMax                         = 536870912                                 {product} {ergonomic}
   size_t MaxHeapSize                              = 2147483648                                {product} {command line}
   size_t MaxNewSize                               = 1287651328                                {product} {ergonomic}
   size_t MinHeapDeltaBytes                        = 1048576                                   {product} {ergonomic}
   size_t MinHeapSize                              = 8388608                                   {product} {ergonomic}
    uintx NonNMethodCodeHeapSize                   = 5832704                                {pd product} {ergonomic}
    uintx NonProfiledCodeHeapSize                  = 122945536                              {pd product} {ergonomic}
    uintx ProfiledCodeHeapSize                     = 122880000                              {pd product} {ergonomic}
    uintx ReservedCodeCacheSize                    = 251658240                              {pd product} {ergonomic}
     bool SegmentedCodeCache                       = true                                      {product} {ergonomic}
   size_t SoftMaxHeapSize                          = 2147483648                             {manageable} {ergonomic}
     bool UseCompressedOops                        = true                           {product lp64_product} {ergonomic}
     bool UseG1GC                                  = true                                      {product} {ergonomic}
     bool UseLargePagesIndividualAllocation        = false                                  {pd product} {ergonomic}

Logging:
Log output configuration:
 #0: stdout all=warning uptime,level,tags foldmultilines=false
 #1: stderr all=off uptime,level,tags foldmultilines=false

Environment Variables:
CLASSPATH=C:\YandexDis\Projects\MutlabocNotes\\gradle\wrapper\gradle-wrapper.jar
PATH=C:\Program Files\Common Files\Oracle\Java\javapath;C:\Program Files (x86)\Common Files\Oracle\Java\java8path;C:\Program Files (x86)\Common Files\Oracle\Java\javapath;C:\Windows\system32;C:\Windows;C:\Windows\System32\Wbem;C:\Windows\System32\WindowsPowerShell\v1.0\;C:\Windows\System32\OpenSSH\;C:\Program Files\dotnet\;C:\Program Files (x86)\Windows Kits\10\Windows Performance Toolkit\;C:\Program Files (x86)\NVIDIA Corporation\PhysX\Common;C:\Program Files\Git\cmd;C:\Program Files\Microsoft SQL Server\Client SDK\ODBC\130\Tools\Binn\;C:\Program Files (x86)\Microsoft SQL Server\140\Tools\Binn\;C:\Program Files\Microsoft SQL Server\140\Tools\Binn\;C:\Program Files\Microsoft SQL Server\140\DTS\Binn\;C:\ProgramData\chocolatey\bin;C:\Users\ёрий\AppData\Local\Microsoft\WindowsApps;
USERNAME=ёрий
OS=Windows_NT
PROCESSOR_IDENTIFIER=Intel64 Family 6 Model 158 Stepping 10, GenuineIntel
TMP=C:\Users\D36B~1\AppData\Local\Temp
TEMP=C:\Users\D36B~1\AppData\Local\Temp




Periodic native trim disabled

---------------  S Y S T E M  ---------------

OS:
 Windows 10 , 64 bit Build 19041 (10.0.19041.2364)
OS uptime: 23 days 6:11 hours

CPU: total 6 (initial active 6) (6 cores per cpu, 1 threads per core) family 6 model 158 stepping 10 microcode 0xca, cx8, cmov, fxsr, mmx, 3dnowpref, sse, sse2, sse3, ssse3, sse4.1, sse4.2, popcnt, lzcnt, tsc, tscinvbit, avx, avx2, aes, erms, clmul, bmi1, bmi2, rtm, adx, fma, vzeroupper, clflush, clflushopt, rdtscp, f16c
Processor Information for the first 6 processors :
  Max Mhz: 3000, Current Mhz: 3000, Mhz Limit: 3000

Memory: 4k page, system-wide physical 8064M (589M free)
TotalPageFile size 13064M (AvailPageFile size 19M)
current process WorkingSet (physical memory assigned to process): 219M, peak: 224M
current process commit charge ("private bytes"): 308M, peak: 325M

vm_info: Java HotSpot(TM) 64-Bit Server VM (24.0.1+9-30) for windows-amd64 JRE (24.0.1+9-30), built on 2025-03-05T07:23:45Z with MS VC++ 17.6 (VS2022)

END.
